python : test_all_comp
leted_no_missing (test
_audit_engine.TestAudi
tMissingCourses.test_a
ll_completed_no_missin
g) ... ok
At line:1 char:1
+ python -m unittest 
discover -v tests > 
test_output.txt 2>&1
+ ~~~~~~~~~~~~~~~~~~~~
~~~~~~~~~~~~~~~~~~~~~~
~~~~~~~~~~~~~~~~~
    + CategoryInfo    
          : NotSpeci  
  fied: (test_all_c   
 omple...missing)     
... ok:String) []    
, RemoteException
    + FullyQualifiedE 
   rrorId : NativeCo  
  mmandError
 
test_empty_transcript_
all_missing (test_audi
t_engine.TestAuditMiss
ingCourses.test_empty_
transcript_all_missing
)
Empty transcript ù 
every mandatory 
course is missing. 
... ok
test_f_grade_course_is
_missing (test_audit_e
ngine.TestAuditMissing
Courses.test_f_grade_c
ourse_is_missing)
Course with only an F 
should be flagged as 
missing. ... ok
test_missing_from_mult
iple_categories (test_
audit_engine.TestAudit
MissingCourses.test_mi
ssing_from_multiple_ca
tegories) ... ok
test_missing_from_one_
category (test_audit_e
ngine.TestAuditMissing
Courses.test_missing_f
rom_one_category) ... 
ok
test_w_grade_course_is
_missing (test_audit_e
ngine.TestAuditMissing
Courses.test_w_grade_c
ourse_is_missing)
Course with only a W 
should be flagged as 
missing. ... ok
test_multiple_waivers 
(test_audit_engine.Tes
tAuditWaivers.test_mul
tiple_waivers) ... ok
test_waived_course_in_
completed_list (test_a
udit_engine.TestAuditW
aivers.test_waived_cou
rse_in_completed_list)
Waived course should 
appear in 
completed_courses. 
... ok
test_waived_course_not
_missing (test_audit_e
ngine.TestAuditWaivers
.test_waived_course_no
t_missing) ... ok
test_waiver_for_f_cour
se_overrides (test_aud
it_engine.TestAuditWai
vers.test_waiver_for_f
_course_overrides)
If a course has F but 
is also waived, it 
should count as 
satisfied. ... ok
test_completed_include
s_passing_only (test_a
udit_engine.TestComple
tedCourses.test_comple
ted_includes_passing_o
nly) ... ok
test_completed_list_so
rted (test_audit_engin
e.TestCompletedCourses
.test_completed_list_s
orted) ... ok
test_extra_courses_in_
completed (test_audit_
engine.TestCompletedCo
urses.test_extra_cours
es_in_completed)
Non-mandatory courses 
should still appear 
in completed list. 
... ok
test_all_f_is_probatio
n (test_audit_engine.T
estProbation.test_all_
f_is_probation) ... ok
test_cgpa_1_99_is_prob
ation (test_audit_engi
ne.TestProbation.test_
cgpa_1_99_is_probation
)
CGPA just below 2.0 
should flag 
probation. ... ok
test_cgpa_exactly_2_no
t_probation (test_audi
t_engine.TestProbation
.test_cgpa_exactly_2_n
ot_probation)
CGPA == 2.0 is NOT 
probation (threshold 
is strictly < 2.0). 
... ok
test_good_gpa_no_proba
tion (test_audit_engin
e.TestProbation.test_g
ood_gpa_no_probation) 
... ok
test_low_gpa_triggers_
probation (test_audit_
engine.TestProbation.t
est_low_gpa_triggers_p
robation) ... ERROR
test_retake_clears_cou
rse_from_missing (test
_audit_engine.TestReta
keInAudit.test_retake_
clears_course_from_mis
sing) ... ok
test_retake_credits_on
ly_counted_once (test_
audit_engine.TestRetak
eInAudit.test_retake_c
redits_only_counted_on
ce) ... ok
test_retake_still_f_st
ays_missing (test_audi
t_engine.TestRetakeInA
udit.test_retake_still
_f_stays_missing)
F\u2192F retake: 
course is still 
missing. ... ok
test_single_a_course (
test_cgpa_engine.TestC
GPABasic.test_single_a
_course) ... ok
test_single_f_course (
test_cgpa_engine.TestC
GPABasic.test_single_f
_course)
Unremediated F counts 
as 0.0 in CGPA. ... ok
test_three_different_g
rades (test_cgpa_engin
e.TestCGPABasic.test_t
hree_different_grades)
A(3) + B+(3) + C(3) = 
(12+9.9+6)/9 = 3.1 
... ok
test_two_courses_weigh
ted (test_cgpa_engine.
TestCGPABasic.test_two
_courses_weighted)
A(3cr) + B(3cr) = 
(12+9)/6 = 3.5 ... ok
test_unequal_credit_we
ights (test_cgpa_engin
e.TestCGPABasic.test_u
nequal_credit_weights)
A(6cr) + C(3cr) = 
(24+6)/9 = 3.33 ... ok
test_all_same_grade (t
est_cgpa_engine.TestCG
PAEdgeCases.test_all_s
ame_grade)
All B (3.0): CGPA 
should be exactly 
3.0. ... ok
test_empty_transcript 
(test_cgpa_engine.Test
CGPAEdgeCases.test_emp
ty_transcript) ... ok
test_only_zero_credit_
courses (test_cgpa_eng
ine.TestCGPAEdgeCases.
test_only_zero_credit_
courses) ... ok
test_probation_boundar
y_exactly_2_0 (test_cg
pa_engine.TestCGPAEdge
Cases.test_probation_b
oundary_exactly_2_0)
CGPA exactly 2.0 ù 
NOT on probation. ... 
ok
test_quality_points_re
turned (test_cgpa_engi
ne.TestCGPAEdgeCases.t
est_quality_points_ret
urned)
Verify quality points 
= sum(gp * credits). 
... ok
test_all_w_returns_zer
o (test_cgpa_engine.Te
stCGPAExclusions.test_
all_w_returns_zero)
All W grades ù CGPA 
should be 0.0 (no 
courses to 
calculate). ... ok
test_blank_excluded_fr
om_cgpa (test_cgpa_eng
ine.TestCGPAExclusions
.test_blank_excluded_f
rom_cgpa) ... ok
test_multiple_w_exclud
ed (test_cgpa_engine.T
estCGPAExclusions.test
_multiple_w_excluded)
Two W grades and one 
pass ù W's fully 
excluded. ... ok
test_w_excluded_from_c
gpa (test_cgpa_engine.
TestCGPAExclusions.tes
t_w_excluded_from_cgpa
) ... ok
test_zero_credit_exclu
ded (test_cgpa_engine.
TestCGPAExclusions.tes
t_zero_credit_excluded
) ... ok
test_f_counts_if_not_r
etaken (test_cgpa_engi
ne.TestCGPARetakes.tes
t_f_counts_if_not_reta
ken)
Unremediated F hurts 
GPA. A(3)+F(3) = 
(12+0)/6 = 2.0 ... ok
test_f_replaced_by_ret
ake (test_cgpa_engine.
TestCGPARetakes.test_f
_replaced_by_retake)
F\u2192B+ retake: 
only B+ should count. 
... ok
test_w_then_pass_retak
e (test_cgpa_engine.Te
stCGPARetakes.test_w_t
hen_pass_retake) ... 
ok
test_multiple_waivers 
(test_cgpa_engine.Test
CGPAWaivers.test_multi
ple_waivers) ... ok
test_waiver_excluded (
test_cgpa_engine.TestC
GPAWaivers.test_waiver
_excluded) ... ok
test_waiver_of_nonexis
tent_course (test_cgpa
_engine.TestCGPAWaiver
s.test_waiver_of_nonex
istent_course)
Waiving a course not 
in transcript should 
have no effect. ... ok
test_a_is_4_0 (test_cg
pa_engine.TestGradePoi
ntMapping.test_a_is_4_
0) ... ok
test_a_minus_is_3_7 (t
est_cgpa_engine.TestGr
adePointMapping.test_a
_minus_is_3_7) ... ok
test_b_is_3_0 (test_cg
pa_engine.TestGradePoi
ntMapping.test_b_is_3_
0) ... ok
test_b_minus_is_2_7 (t
est_cgpa_engine.TestGr
adePointMapping.test_b
_minus_is_2_7) ... ok
test_b_plus_is_3_3 (te
st_cgpa_engine.TestGra
dePointMapping.test_b_
plus_is_3_3) ... ok
test_c_is_2_0 (test_cg
pa_engine.TestGradePoi
ntMapping.test_c_is_2_
0) ... ok
test_c_minus_is_1_7 (t
est_cgpa_engine.TestGr
adePointMapping.test_c
_minus_is_1_7) ... ok
test_c_plus_is_2_3 (te
st_cgpa_engine.TestGra
dePointMapping.test_c_
plus_is_2_3) ... ok
test_d_is_1_0 (test_cg
pa_engine.TestGradePoi
ntMapping.test_d_is_1_
0) ... ok
test_d_plus_is_1_3 (te
st_cgpa_engine.TestGra
dePointMapping.test_d_
plus_is_1_3) ... ok
test_f_is_0_0 (test_cg
pa_engine.TestGradePoi
ntMapping.test_f_is_0_
0) ... ok
test_i_not_in_scale (t
est_cgpa_engine.TestGr
adePointMapping.test_i
_not_in_scale) ... ok
test_w_not_in_scale (t
est_cgpa_engine.TestGr
adePointMapping.test_w
_not_in_scale) ... ok
test_all_f_grades (tes
t_credit_engine.TestCa
lculateValidCreditsAdv
anced.test_all_f_grade
s)
All F's should yield 
0 credits. ... ok
test_all_w_grades (tes
t_credit_engine.TestCa
lculateValidCreditsAdv
anced.test_all_w_grade
s)
All W's should yield 
0 credits. ... ok
test_breakdown_has_cor
rect_length (test_cred
it_engine.TestCalculat
eValidCreditsAdvanced.
test_breakdown_has_cor
rect_length)
Breakdown should have 
one entry per 
resolved course. ... 
ok
test_breakdown_marks_c
ounted_correctly (test
_credit_engine.TestCal
culateValidCreditsAdva
nced.test_breakdown_ma
rks_counted_correctly)
Check the 'counted' 
flag in breakdown. 
... ok
test_d_grade_counts_as
_passing (test_credit_
engine.TestCalculateVa
lidCreditsAdvanced.tes
t_d_grade_counts_as_pa
ssing)
D is a passing grade 
(grade point 1.0). 
... ok
test_d_plus_counts_as_
passing (test_credit_e
ngine.TestCalculateVal
idCreditsAdvanced.test
_d_plus_counts_as_pass
ing)
D+ is passing too. 
... ok
test_empty_transcript 
(test_credit_engine.Te
stCalculateValidCredit
sAdvanced.test_empty_t
ranscript)
Empty transcript 
should return 0. ... 
ok
test_i_grade_excluded 
(test_credit_engine.Te
stCalculateValidCredit
sAdvanced.test_i_grade
_excluded)
Incomplete (I) grade 
should be excluded. 
... ok
test_large_credits_cou
rse (test_credit_engin
e.TestCalculateValidCr
editsAdvanced.test_lar
ge_credits_course)
6-credit course 
(senior project). ... 
ok
test_mix_of_passing_an
d_failing (test_credit
_engine.TestCalculateV
alidCreditsAdvanced.te
st_mix_of_passing_and_
failing)
3 passing + 2 failing 
= only passing 
credits counted. ... 
ok
test_multiple_zero_cre
dit_labs (test_credit_
engine.TestCalculateVa
lidCreditsAdvanced.tes
t_multiple_zero_credit
_labs)
Multiple 0-credit 
labs should all be 
excluded from total. 
... ok
test_basic_credit_sum 
(test_credit_engine.Te
stCalculateValidCredit
sBasic.test_basic_cred
it_sum) ... ok
test_blank_grade_exclu
ded (test_credit_engin
e.TestCalculateValidCr
editsBasic.test_blank_
grade_excluded) ... ok
test_f_excluded (test_
credit_engine.TestCalc
ulateValidCreditsBasic
.test_f_excluded) ... 
ok
test_retake_only_count
s_once (test_credit_en
gine.TestCalculateVali
dCreditsBasic.test_ret
ake_only_counts_once) 
... ok
test_w_excluded (test_
credit_engine.TestCalc
ulateValidCreditsBasic
.test_w_excluded) ... 
ok
test_zero_credit_lab_e
xcluded (test_credit_e
ngine.TestCalculateVal
idCreditsBasic.test_ze
ro_credit_lab_excluded
) ... ok
test_all_unique_course
s (test_credit_engine.
TestResolveRetakesAdva
nced.test_all_unique_c
ourses)
No retakes ù all 
courses returned. ... 
ok
test_multiple_courses_
with_retakes (test_cre
dit_engine.TestResolve
RetakesAdvanced.test_m
ultiple_courses_with_r
etakes) ... ok
test_no_entries (test_
credit_engine.TestReso
lveRetakesAdvanced.tes
t_no_entries)
Empty list should 
return empty. ... ok
test_triple_retake_bes
t_in_middle (test_cred
it_engine.TestResolveR
etakesAdvanced.test_tr
iple_retake_best_in_mi
ddle) ... ok
test_triple_retake_kee
ps_best (test_credit_e
ngine.TestResolveRetak
esAdvanced.test_triple
_retake_keeps_best) 
... ok
test_w_then_f_then_pas
s (test_credit_engine.
TestResolveRetakesAdva
nced.test_w_then_f_the
n_pass) ... ok
test_keeps_best_grade_
f_to_bplus (test_credi
t_engine.TestResolveRe
takesBasic.test_keeps_
best_grade_f_to_bplus)
 ... ok
test_keeps_better_of_t
wo_passing (test_credi
t_engine.TestResolveRe
takesBasic.test_keeps_
better_of_two_passing)
 ... ok
test_keeps_higher_grad
e_over_lower (test_cre
dit_engine.TestResolve
RetakesBasic.test_keep
s_higher_grade_over_lo
wer) ... ok
test_no_duplicates_sin
gle_entry (test_credit
_engine.TestResolveRet
akesBasic.test_no_dupl
icates_single_entry) 
... ok
test_same_grade_keeps_
latest (test_credit_en
gine.TestResolveRetake
sBasic.test_same_grade
_keeps_latest) ... ok
test_w_then_pass (test
_credit_engine.TestRes
olveRetakesBasic.test_
w_then_pass) ... ok
test_all_mandatory_cod
es_flattened (test_par
sers.TestProgramParser
.test_all_mandatory_co
des_flattened) ... ok
test_basic_parse (test
_parsers.TestProgramPa
rser.test_basic_parse)
 ... ok
test_fuzzy_name_match 
(test_parsers.TestProg
ramParser.test_fuzzy_n
ame_match)
Should match even 
with partial name. 
... ok
test_missing_total_cre
dits_defaults_zero (te
st_parsers.TestProgram
Parser.test_missing_to
tal_credits_defaults_z
ero) ... ok
test_multiple_categori
es (test_parsers.TestP
rogramParser.test_mult
iple_categories) ... 
ok
test_program_not_found
_raises (test_parsers.
TestProgramParser.test
_program_not_found_rai
ses) ... ok
test_single_section_au
to_select (test_parser
s.TestProgramParser.te
st_single_section_auto
_select)
If only one program 
in file, auto-select 
it even if name 
doesn't match. ... ok
test_basic_parse (test
_parsers.TestTranscrip
tParser.test_basic_par
se) ... ok
test_course_code_upper
cased (test_parsers.Te
stTranscriptParser.tes
t_course_code_uppercas
ed) ... ok
test_empty_grade (test
_parsers.TestTranscrip
tParser.test_empty_gra
de) ... ok
  [!] Row 2: Skipped -- missing course code.
  [!] Row 2: Invalid credits 'abc' for CSE115, defaulting to 0.
test_grade_case_normal
ization (test_parsers.
TestTranscriptParser.t
est_grade_case_normali
zation)
Lowercase grades 
should be uppercased. 
... ok
test_missing_course_co
de_skipped (test_parse
rs.TestTranscriptParse
r.test_missing_course_
code_skipped) ... ok
test_multiple_rows (te
st_parsers.TestTranscr
iptParser.test_multipl
e_rows) ... ok
test_non_numeric_credi
ts_defaults_to_zero (t
est_parsers.TestTransc
riptParser.test_non_nu
meric_credits_defaults
_to_zero) ... ok
test_whitespace_handli
ng (test_parsers.TestT
ranscriptParser.test_w
hitespace_handling) 
... ok

======================
======================
======================
====
ERROR: test_low_gpa_tr
iggers_probation (test
_audit_engine.TestProb
ation.test_low_gpa_tri
ggers_probation)
----------------------
----------------------
----------------------
----
Traceback (most 
recent call last):
  File "D:\vibecode 
project 1\tests\test_a
udit_engine.py", line 
162, in test_low_gpa_t
riggers_probation
    csv = self._get_cs
v_path("test_low_gpa_t
riggers_probation.csv"
)
          
^^^^^^^^^^^^^^^^^^
AttributeError: 
'TestProbation' 
object has no 
attribute 
'_get_csv_path'

----------------------
----------------------
----------------------
----
Ran 99 tests in 0.031s

FAILED (errors=1)
